// Vitest Snapshot v1, https://vitest.dev/guide/snapshot.html

exports[`FilmsTable component > matches the snapshot 1`] = `
<DocumentFragment>
  <div
    class="MuiPaper-root MuiPaper-elevation MuiPaper-rounded MuiPaper-elevation1 MuiTableContainer-root css-y2ff7i-MuiPaper-root-MuiTableContainer-root"
    style="--Paper-shadow: 0px 2px 1px -1px rgba(0,0,0,0.2),0px 1px 1px 0px rgba(0,0,0,0.14),0px 1px 3px 0px rgba(0,0,0,0.12); max-width: 400px;"
  >
    <div
      data-testid="film"
    >
      A New Hope Episode 4
    </div>
    <table
      aria-label="Films table"
      class="MuiTable-root css-1xwxv7r-MuiTable-root"
    >
      <thead
        class="MuiTableHead-root css-1a7iywq-MuiTableHead-root"
      >
        <tr
          class="MuiTableRow-root MuiTableRow-head css-17e8nb1-MuiTableRow-root"
        >
          <th
            class="MuiTableCell-root MuiTableCell-head MuiTableCell-sizeMedium css-hktbzt-MuiTableCell-root"
            scope="col"
          >
            Film name
          </th>
          <th
            class="MuiTableCell-root MuiTableCell-head MuiTableCell-sizeMedium css-hktbzt-MuiTableCell-root"
            scope="col"
          >
            Episode no.
          </th>
        </tr>
      </thead>
      <tbody
        class="MuiTableBody-root css-gmh7jj-MuiTableBody-root"
      />
    </table>
  </div>
</DocumentFragment>
`;
