// Vitest Snapshot v1, https://vitest.dev/guide/snapshot.html

exports[`FavoritesList > should render the list of favorites 1`] = `
<div>
  <div>
    <h3
      class="MuiTypography-root MuiTypography-h3 css-13msox4-MuiTypography-root"
    >
      Favorites List
    </h3>
    <br
      class="sc-KXCwU"
    />
    <div
      class="MuiPaper-root MuiPaper-elevation MuiPaper-rounded MuiPaper-elevation1 MuiTableContainer-root css-y2ff7i-MuiPaper-root-MuiTableContainer-root"
      style="--Paper-shadow: 0px 2px 1px -1px rgba(0,0,0,0.2),0px 1px 1px 0px rgba(0,0,0,0.14),0px 1px 3px 0px rgba(0,0,0,0.12); max-width: 600px;"
    >
      <table
        aria-label="Favorites list table"
        class="MuiTable-root css-1xwxv7r-MuiTable-root"
      >
        <thead
          class="MuiTableHead-root css-1a7iywq-MuiTableHead-root"
        >
          <tr
            class="MuiTableRow-root MuiTableRow-head css-r0kehe-MuiTableRow-root"
          >
            <th
              class="MuiTableCell-root MuiTableCell-head MuiTableCell-sizeMedium css-hktbzt-MuiTableCell-root"
              scope="col"
            >
              Name
            </th>
            <th
              class="MuiTableCell-root MuiTableCell-head MuiTableCell-sizeMedium css-hktbzt-MuiTableCell-root"
              scope="col"
            >
              Height
            </th>
            <th
              class="MuiTableCell-root MuiTableCell-head MuiTableCell-sizeMedium css-hktbzt-MuiTableCell-root"
              scope="col"
            >
              Gender
            </th>
            <th
              class="MuiTableCell-root MuiTableCell-head MuiTableCell-sizeMedium css-hktbzt-MuiTableCell-root"
              scope="col"
            >
              Home Planet
            </th>
            <th
              class="MuiTableCell-root MuiTableCell-head MuiTableCell-sizeMedium css-hktbzt-MuiTableCell-root"
              scope="col"
            >
              Remove
            </th>
          </tr>
        </thead>
        <tbody
          class="MuiTableBody-root css-gmh7jj-MuiTableBody-root"
        >
          <tr
            class="MuiTableRow-root css-r0kehe-MuiTableRow-root"
            tabindex="0"
          >
            <td
              class="MuiTableCell-root MuiTableCell-body MuiTableCell-sizeMedium css-1l8b5g1-MuiTableCell-root"
            >
              Luke Skywalker
            </td>
            <td
              class="MuiTableCell-root MuiTableCell-body MuiTableCell-sizeMedium css-1l8b5g1-MuiTableCell-root"
            >
              172
            </td>
            <td
              class="MuiTableCell-root MuiTableCell-body MuiTableCell-sizeMedium css-1l8b5g1-MuiTableCell-root"
            >
              male
            </td>
            <td
              class="MuiTableCell-root MuiTableCell-body MuiTableCell-sizeMedium css-1l8b5g1-MuiTableCell-root"
            />
            <td
              class="MuiTableCell-root MuiTableCell-body MuiTableCell-sizeMedium css-1l8b5g1-MuiTableCell-root"
            >
              <button
                aria-label="remove from favorites button"
                class="MuiButtonBase-root MuiIconButton-root MuiIconButton-sizeMedium css-53g0n7-MuiButtonBase-root-MuiIconButton-root"
                id=":r0:"
                tabindex="0"
                type="button"
              >
                <svg
                  aria-hidden="true"
                  class="MuiSvgIcon-root MuiSvgIcon-colorError MuiSvgIcon-fontSizeMedium css-n4bcw2-MuiSvgIcon-root"
                  data-testid="DeleteIcon"
                  focusable="false"
                  viewBox="0 0 24 24"
                >
                  <path
                    d="M6 19c0 1.1.9 2 2 2h8c1.1 0 2-.9 2-2V7H6zM19 4h-3.5l-1-1h-5l-1 1H5v2h14z"
                  />
                </svg>
              </button>
            </td>
          </tr>
        </tbody>
      </table>
    </div>
  </div>
</div>
`;
