// Vitest Snapshot v1, https://vitest.dev/guide/snapshot.html

exports[`Header component > should match the snapshot 1`] = `
<DocumentFragment>
  <header
    class="sc-KXCwU cLCwkl"
  >
    <img
      alt="Star Wars Logo"
      loading="lazy"
      src="https://images.seeklogo.com/logo-png/13/1/star-wars-logo-png_seeklogo-131743.png"
    />
    <nav>
      Test Content
    </nav>
  </header>
</DocumentFragment>
`;
