// Vitest Snapshot v1, https://vitest.dev/guide/snapshot.html

exports[`CharactersListTable > matches snapshot 1`] = `
<div>
  <div
    class="MuiPaper-root MuiPaper-elevation MuiPaper-rounded MuiPaper-elevation1 MuiTableContainer-root css-y2ff7i-MuiPaper-root-MuiTableContainer-root"
    style="--Paper-shadow: 0px 2px 1px -1px rgba(0,0,0,0.2),0px 1px 1px 0px rgba(0,0,0,0.14),0px 1px 3px 0px rgba(0,0,0,0.12); max-width: 500px;"
  >
    <table
      aria-label="Characters list table"
      class="MuiTable-root css-1xwxv7r-MuiTable-root"
    >
      <thead
        class="MuiTableHead-root css-1a7iywq-MuiTableHead-root"
      >
        <tr
          class="MuiTableRow-root MuiTableRow-head css-r0kehe-MuiTableRow-root"
        >
          <th
            class="MuiTableCell-root MuiTableCell-head MuiTableCell-sizeMedium css-hktbzt-MuiTableCell-root"
            scope="col"
          >
            No.
          </th>
          <th
            class="MuiTableCell-root MuiTableCell-head MuiTableCell-sizeMedium css-hktbzt-MuiTableCell-root"
            scope="col"
          >
            Name
          </th>
          <th
            class="MuiTableCell-root MuiTableCell-head MuiTableCell-sizeMedium css-hktbzt-MuiTableCell-root"
            scope="col"
          >
            Gender
          </th>
          <th
            class="MuiTableCell-root MuiTableCell-head MuiTableCell-sizeMedium css-hktbzt-MuiTableCell-root"
            scope="col"
          >
            Home Planet
          </th>
        </tr>
      </thead>
      <tbody
        class="MuiTableBody-root css-gmh7jj-MuiTableBody-root"
      >
        <tr
          class="MuiTableRow-root css-r0kehe-MuiTableRow-root"
          tabindex="0"
        >
          <td
            class="MuiTableCell-root MuiTableCell-body MuiTableCell-sizeMedium css-1l8b5g1-MuiTableCell-root"
          >
            1
          </td>
          <td
            class="MuiTableCell-root MuiTableCell-body MuiTableCell-sizeMedium css-1l8b5g1-MuiTableCell-root"
          >
            Luke Skywalker
          </td>
          <td
            class="MuiTableCell-root MuiTableCell-body MuiTableCell-sizeMedium css-1l8b5g1-MuiTableCell-root"
          >
            male
          </td>
          <td
            class="MuiTableCell-root MuiTableCell-body MuiTableCell-sizeMedium css-1l8b5g1-MuiTableCell-root"
          >
            <div>
              Loading...
            </div>
          </td>
        </tr>
      </tbody>
    </table>
  </div>
</div>
`;
